sto@Stoyans-MacBook-Pro Desktop % ssh -i ./us-east-key-pair ec2-user@ec2-3-81-48-146.compute-1.amazonaws.com
Warning: Identity file ./us-east-key-pair not accessible: No such file or directory.
ec2-user@ec2-3-81-48-146.compute-1.amazonaws.com: Permission denied (publickey,gssapi-keyex,gssapi-with-mic).
sto@Stoyans-MacBook-Pro Desktop % ssh -i ./us-east-key-pair.pem ec2-user@ec2-3-81-48-146.compute-1.amazonaws.com

       __|  __|_  )
       _|  (     /   Amazon Linux 2 AMI
      ___|\___|___|

https://aws.amazon.com/amazon-linux-2/
4 package(s) needed for security, out of 8 available
Run "sudo yum update" to apply all updates.
-bash: warning: setlocale: LC_CTYPE: cannot change locale (UTF-8): No such file or directory
[ec2-user@ip-10-1-10-138 ~]$ sudo yum install mysql
Failed to set locale, defaulting to C
Loaded plugins: extras_suggestions, langpacks, priorities, update-motd
amzn2-core                                                                                   | 3.7 kB  00:00:00
Resolving Dependencies
--> Running transaction check
---> Package mariadb.x86_64 1:5.5.64-1.amzn2 will be installed
--> Finished Dependency Resolution

Dependencies Resolved

====================================================================================================================
 Package                 Arch                   Version                            Repository                  Size
====================================================================================================================
Installing:
 mariadb                 x86_64                 1:5.5.64-1.amzn2                   amzn2-core                 9.0 M

Transaction Summary
====================================================================================================================
Install  1 Package

Total download size: 9.0 M
Installed size: 49 M
Is this ok [y/d/N]: y
Downloading packages:
mariadb-5.5.64-1.amzn2.x86_64.rpm                                                            | 9.0 MB  00:00:00
Running transaction check
Running transaction test
Transaction test succeeded
Running transaction
  Installing : 1:mariadb-5.5.64-1.amzn2.x86_64                                                                  1/1
  Verifying  : 1:mariadb-5.5.64-1.amzn2.x86_64                                                                  1/1

Installed:
  mariadb.x86_64 1:5.5.64-1.amzn2

Complete!
[ec2-user@ip-10-1-10-138 ~]$ mysql -u admin -p -h udacity-rds-mysqli-read.cj0ftawewmed.us-east-1.rds.amazonaws.com
Enter password:
ERROR 2005 (HY000): Unknown MySQL server host 'udacity-rds-mysqli-read.cj0ftawewmed.us-east-1.rds.amazonaws.com' (2)
[ec2-user@ip-10-1-10-138 ~]$ mysql -u admin -p -h udacity-rds-mysql.cgv4rkoltnpg.us-east-1.rds.amazonaws.com
Enter password:
Welcome to the MariaDB monitor.  Commands end with ; or \g.
Your MySQL connection id is 18
Server version: 5.7.22-log Source distribution

Copyright (c) 2000, 2018, Oracle, MariaDB Corporation Ab and others.

Type 'help;' or '\h' for help. Type '\c' to clear the current input statement.

MySQL [(none)]> USE udacity
Database changed
MySQL [udacity]> CREATE TABLE udacity_student(id BIGINT NOT NULL PRIMARY KEY AUTO_INCREMENT,  name VARCHAR(255) NOT NULL, age INTEGER);
Query OK, 0 rows affected (0.04 sec)

MySQL [udacity]> INSERT INTO udacity_student(name,age) VALUE("James Bond", 38);
Query OK, 1 row affected (0.00 sec)

MySQL [udacity]> SELECT * FROM udacity_student;
+----+------------+------+
| id | name       | age  |
+----+------------+------+
|  1 | James Bond |   38 |
+----+------------+------+
1 row in set (0.00 sec)

MySQL [udacity]>